[possessivos.cc/index.html]
[unpkg.com/boxicons@2.1.4/css/boxicons.min.css]
[possessivos.cc/assets/style.css]
[backblue.gif]
[fade.gif]
[index.html]
[possessivos.cc/main.css]
[cdnjs.cloudflare.com/ajax/libs/font-awesome/6.2.0/css/all.min.css]
[possessivos.cc/cursor.js]
[possessivos.cc/cdn.jsdelivr.net/npm/disable-devtool]
[possessivos.cc/sexo.mp3]
[possessivos.cc/wallpaper.mp4]
[cdn.discordapp.com/avatars/168112211670204417/c64df711564d6df161d6de8ce716258b1c62.png]
[images-ext-2.discordapp.net/external/AGAb6rxerDzjeJhDzXNS5CKgFT0DbGppfnPQiQ_Pfes/https/cdn3.emoji.gg/emojis/1895-subscriber-nitro-animated.gif]
[cdn.discordapp.com/avatars/693588186202374236/b89a12fcb82bb32faf2d5b143d38f2a61c62.png]
[cdn.discordapp.com/avatars/304295062760718337/600b4d4a6dcfe779bcb74cf02d3cbc261c62.png]
[possessivos.cc/index.js]
[cdnjs.cloudflare.com/ajax/libs/ejs/3.1.6/ejs.min.e.delayed]
[possessivos.cc/index.html]
[unpkg.com/boxicons@2.1.4/css/boxicons.min.css]
[media.discordapp.net/attachments/1208146511578271825/1213266265322557450/66776314fae.png]
[possessivos.cc/font.ttf]
[possessivos.cc/main.css]
[cdnjs.cloudflare.com/ajax/libs/font-awesome/6.2.0/css/all.min.css]
[cdnjs.cloudflare.com/ajax/libs/ejs/3.1.6/ejs.min.html]
